(node:37708) [MODULE_TYPELESS_PACKAGE_JSON] Warning: Module type of file:///C:/Users/agent/ytprobe/s-ui/ui-dev/mock.js?z0dom=1 is not specified and it doesn't parse as CommonJS.
Reparsing as ES module because module syntax was detected. This incurs a performance overhead.
To eliminate this warning, add "type": "module" to C:\Users\agent\ytprobe\package.json.
(Use `node --trace-warnings ...` to show where the warning was created)
dom time zone: America/Los_Angeles
dom fixed ids: 5b0c2f4e9a7d4b1f8c3e6a2d1f0b9e7c 20260924-183005Z-ileapp-3f9a1c 20260924-171200Z-ios-9c01de 20260923-101500Z-ios-51be07
serve-ui on port 55892
captured C:\Users\agent\ytprobe\s-ui\out\shell-empty-light.png
dom page time zone: America/Los_Angeles
dom C:\Users\agent\ytprobe\s-ui\out\shell-empty-light.dom.txt
captured C:\Users\agent\ytprobe\s-ui\out\shell-banners-active-job-light.png
dom C:\Users\agent\ytprobe\s-ui\out\shell-banners-active-job-light.dom.txt
captured C:\Users\agent\ytprobe\s-ui\out\app-error-light.png
dom C:\Users\agent\ytprobe\s-ui\out\app-error-light.dom.txt
captured C:\Users\agent\ytprobe\s-ui\out\no-api-light.png
dom C:\Users\agent\ytprobe\s-ui\out\no-api-light.dom.txt
captured C:\Users\agent\ytprobe\s-ui\out\cases-recent-light.png
dom C:\Users\agent\ytprobe\s-ui\out\cases-recent-light.dom.txt
captured C:\Users\agent\ytprobe\s-ui\out\cases-missing-folder-light.png
dom C:\Users\agent\ytprobe\s-ui\out\cases-missing-folder-light.dom.txt
captured C:\Users\agent\ytprobe\s-ui\out\cases-empty-light.png
dom C:\Users\agent\ytprobe\s-ui\out\cases-empty-light.dom.txt
captured C:\Users\agent\ytprobe\s-ui\out\cases-no-tools-light.png
dom C:\Users\agent\ytprobe\s-ui\out\cases-no-tools-light.dom.txt
captured C:\Users\agent\ytprobe\s-ui\out\case-new-validation-light.png
dom C:\Users\agent\ytprobe\s-ui\out\case-new-validation-light.dom.txt
captured C:\Users\agent\ytprobe\s-ui\out\case-edit-light.png
dom C:\Users\agent\ytprobe\s-ui\out\case-edit-light.dom.txt
captured C:\Users\agent\ytprobe\s-ui\out\case-runs-light.png
dom C:\Users\agent\ytprobe\s-ui\out\case-runs-light.dom.txt
captured C:\Users\agent\ytprobe\s-ui\out\case-runs-utc-focus-light.png
dom C:\Users\agent\ytprobe\s-ui\out\case-runs-utc-focus-light.dom.txt
captured C:\Users\agent\ytprobe\s-ui\out\case-empty-runs-light.png
dom C:\Users\agent\ytprobe\s-ui\out\case-empty-runs-light.dom.txt
captured C:\Users\agent\ytprobe\s-ui\out\case-recovered-notice-light.png
dom C:\Users\agent\ytprobe\s-ui\out\case-recovered-notice-light.dom.txt
captured C:\Users\agent\ytprobe\s-ui\out\run-details-light.png
dom C:\Users\agent\ytprobe\s-ui\out\run-details-light.dom.txt
captured C:\Users\agent\ytprobe\s-ui\out\run-details-raw-json-light.png
dom C:\Users\agent\ytprobe\s-ui\out\run-details-raw-json-light.dom.txt
captured C:\Users\agent\ytprobe\s-ui\out\newrun-sections-light.png
dom C:\Users\agent\ytprobe\s-ui\out\newrun-sections-light.dom.txt
captured C:\Users\agent\ytprobe\s-ui\out\newrun-inspection-light.png
dom C:\Users\agent\ytprobe\s-ui\out\newrun-inspection-light.dom.txt
captured C:\Users\agent\ytprobe\s-ui\out\newrun-overlap-error-light.png
dom C:\Users\agent\ytprobe\s-ui\out\newrun-overlap-error-light.dom.txt
captured C:\Users\agent\ytprobe\s-ui\out\newrun-permission-error-light.png
dom C:\Users\agent\ytprobe\s-ui\out\newrun-permission-error-light.dom.txt
captured C:\Users\agent\ytprobe\s-ui\out\newrun-encrypted-password-light.png
dom C:\Users\agent\ytprobe\s-ui\out\newrun-encrypted-password-light.dom.txt
captured C:\Users\agent\ytprobe\s-ui\out\newrun-encryption-unknown-light.png
dom C:\Users\agent\ytprobe\s-ui\out\newrun-encryption-unknown-light.dom.txt
captured C:\Users\agent\ytprobe\s-ui\out\newrun-backups-found-light.png
dom C:\Users\agent\ytprobe\s-ui\out\newrun-backups-found-light.dom.txt
captured C:\Users\agent\ytprobe\s-ui\out\newrun-backups-empty-light.png
dom C:\Users\agent\ytprobe\s-ui\out\newrun-backups-empty-light.dom.txt
captured C:\Users\agent\ytprobe\s-ui\out\newrun-backups-denied-light.png
dom C:\Users\agent\ytprobe\s-ui\out\newrun-backups-denied-light.dom.txt
captured C:\Users\agent\ytprobe\s-ui\out\newrun-backups-denied-windows-light.png
dom C:\Users\agent\ytprobe\s-ui\out\newrun-backups-denied-windows-light.dom.txt
captured C:\Users\agent\ytprobe\s-ui\out\newrun-backup-chosen-light.png
dom C:\Users\agent\ytprobe\s-ui\out\newrun-backup-chosen-light.dom.txt
captured C:\Users\agent\ytprobe\s-ui\out\newrun-picker-search-light.png
dom C:\Users\agent\ytprobe\s-ui\out\newrun-picker-search-light.dom.txt
captured C:\Users\agent\ytprobe\s-ui\out\newrun-picker-tristate-light.png
dom C:\Users\agent\ytprobe\s-ui\out\newrun-picker-tristate-light.dom.txt
captured C:\Users\agent\ytprobe\s-ui\out\newrun-profile-unknown-light.png
dom C:\Users\agent\ytprobe\s-ui\out\newrun-profile-unknown-light.dom.txt
captured C:\Users\agent\ytprobe\s-ui\out\newrun-unknown-modules-light.png
dom C:\Users\agent\ytprobe\s-ui\out\newrun-unknown-modules-light.dom.txt
captured C:\Users\agent\ytprobe\s-ui\out\newrun-start-disabled-light.png
dom C:\Users\agent\ytprobe\s-ui\out\newrun-start-disabled-light.dom.txt
captured C:\Users\agent\ytprobe\s-ui\out\newrun-aleapp-file-light.png
dom C:\Users\agent\ytprobe\s-ui\out\newrun-aleapp-file-light.dom.txt
captured C:\Users\agent\ytprobe\s-ui\out\newrun-save-profile-light.png
dom C:\Users\agent\ytprobe\s-ui\out\newrun-save-profile-light.dom.txt
captured C:\Users\agent\ytprobe\s-ui\out\newrun-profile-saved-light.png
dom C:\Users\agent\ytprobe\s-ui\out\newrun-profile-saved-light.dom.txt
captured C:\Users\agent\ytprobe\s-ui\out\newrun-profile-imported-light.png
dom C:\Users\agent\ytprobe\s-ui\out\newrun-profile-imported-light.dom.txt
captured C:\Users\agent\ytprobe\s-ui\out\newrun-import-replace-light.png
dom C:\Users\agent\ytprobe\s-ui\out\newrun-import-replace-light.dom.txt
captured C:\Users\agent\ytprobe\s-ui\out\newrun-profile-exported-light.png
dom C:\Users\agent\ytprobe\s-ui\out\newrun-profile-exported-light.dom.txt
captured C:\Users\agent\ytprobe\s-ui\out\newrun-started-light.png
dom C:\Users\agent\ytprobe\s-ui\out\newrun-started-light.dom.txt
captured C:\Users\agent\ytprobe\s-ui\out\newrun-ready-light.png
dom C:\Users\agent\ytprobe\s-ui\out\newrun-ready-light.dom.txt
captured C:\Users\agent\ytprobe\s-ui\out\run-phase-preparing-light.png
dom C:\Users\agent\ytprobe\s-ui\out\run-phase-preparing-light.dom.txt
captured C:\Users\agent\ytprobe\s-ui\out\run-phase-running-light.png
dom C:\Users\agent\ytprobe\s-ui\out\run-phase-running-light.dom.txt
captured C:\Users\agent\ytprobe\s-ui\out\run-phase-hashing-input-light.png
dom C:\Users\agent\ytprobe\s-ui\out\run-phase-hashing-input-light.dom.txt
captured C:\Users\agent\ytprobe\s-ui\out\run-phase-analyzing-light.png
dom C:\Users\agent\ytprobe\s-ui\out\run-phase-analyzing-light.dom.txt
captured C:\Users\agent\ytprobe\s-ui\out\run-phase-sealing-report-light.png
dom C:\Users\agent\ytprobe\s-ui\out\run-phase-sealing-report-light.dom.txt
captured C:\Users\agent\ytprobe\s-ui\out\run-phase-finalizing-light.png
dom C:\Users\agent\ytprobe\s-ui\out\run-phase-finalizing-light.dom.txt
captured C:\Users\agent\ytprobe\s-ui\out\run-cancel-confirm-light.png
dom C:\Users\agent\ytprobe\s-ui\out\run-cancel-confirm-light.dom.txt
captured C:\Users\agent\ytprobe\s-ui\out\run-succeeded-light.png
dom C:\Users\agent\ytprobe\s-ui\out\run-succeeded-light.dom.txt
captured C:\Users\agent\ytprobe\s-ui\out\run-completed-with-errors-light.png
dom C:\Users\agent\ytprobe\s-ui\out\run-completed-with-errors-light.dom.txt
captured C:\Users\agent\ytprobe\s-ui\out\run-failed-light.png
dom C:\Users\agent\ytprobe\s-ui\out\run-failed-light.dom.txt
captured C:\Users\agent\ytprobe\s-ui\out\run-cancelled-light.png
dom C:\Users\agent\ytprobe\s-ui\out\run-cancelled-light.dom.txt
captured C:\Users\agent\ytprobe\s-ui\out\run-interrupted-light.png
dom C:\Users\agent\ytprobe\s-ui\out\run-interrupted-light.dom.txt
captured C:\Users\agent\ytprobe\s-ui\out\settings-light.png
dom C:\Users\agent\ytprobe\s-ui\out\settings-light.dom.txt
captured C:\Users\agent\ytprobe\s-ui\out\settings-tools-verify-light.png
dom C:\Users\agent\ytprobe\s-ui\out\settings-tools-verify-light.dom.txt
captured C:\Users\agent\ytprobe\s-ui\out\settings-tools-not-installed-light.png
dom C:\Users\agent\ytprobe\s-ui\out\settings-tools-not-installed-light.dom.txt
captured C:\Users\agent\ytprobe\s-ui\out\settings-tools-failed-unsupported-light.png
dom C:\Users\agent\ytprobe\s-ui\out\settings-tools-failed-unsupported-light.dom.txt
captured C:\Users\agent\ytprobe\s-ui\out\settings-tools-dev-override-light.png
dom C:\Users\agent\ytprobe\s-ui\out\settings-tools-dev-override-light.dom.txt
captured C:\Users\agent\ytprobe\s-ui\out\settings-installing-light.png
dom C:\Users\agent\ytprobe\s-ui\out\settings-installing-light.dom.txt
captured C:\Users\agent\ytprobe\s-ui\out\settings-storage-installing-light.png
dom C:\Users\agent\ytprobe\s-ui\out\settings-storage-installing-light.dom.txt
captured C:\Users\agent\ytprobe\s-ui\out\settings-install-failed-light.png
dom C:\Users\agent\ytprobe\s-ui\out\settings-install-failed-light.dom.txt
captured C:\Users\agent\ytprobe\s-ui\out\settings-installed-light.png
dom C:\Users\agent\ytprobe\s-ui\out\settings-installed-light.dom.txt
captured C:\Users\agent\ytprobe\s-ui\out\settings-storage-light.png
dom C:\Users\agent\ytprobe\s-ui\out\settings-storage-light.dom.txt
captured C:\Users\agent\ytprobe\s-ui\out\settings-about-licenses-light.png
dom C:\Users\agent\ytprobe\s-ui\out\settings-about-licenses-light.dom.txt
captured C:\Users\agent\ytprobe\s-ui\out\run-attached-light.png
dom C:\Users\agent\ytprobe\s-ui\out\run-attached-light.dom.txt
captured C:\Users\agent\ytprobe\s-ui\out\run-attached-mid-phase-light.png
dom C:\Users\agent\ytprobe\s-ui\out\run-attached-mid-phase-light.dom.txt
captured C:\Users\agent\ytprobe\s-ui\out\acquire-devices-light.png
dom C:\Users\agent\ytprobe\s-ui\out\acquire-devices-light.dom.txt
captured C:\Users\agent\ytprobe\s-ui\out\acquire-pair-states-light.png
dom C:\Users\agent\ytprobe\s-ui\out\acquire-pair-states-light.dom.txt
captured C:\Users\agent\ytprobe\s-ui\out\acquire-awaiting-trust-light.png
dom C:\Users\agent\ytprobe\s-ui\out\acquire-awaiting-trust-light.dom.txt
captured C:\Users\agent\ytprobe\s-ui\out\acquire-encryption-already-on-light.png
dom C:\Users\agent\ytprobe\s-ui\out\acquire-encryption-already-on-light.dom.txt
captured C:\Users\agent\ytprobe\s-ui\out\acquire-encryption-enable-light.png
dom C:\Users\agent\ytprobe\s-ui\out\acquire-encryption-enable-light.dom.txt
captured C:\Users\agent\ytprobe\s-ui\out\acquire-password-mismatch-light.png
dom C:\Users\agent\ytprobe\s-ui\out\acquire-password-mismatch-light.dom.txt
captured C:\Users\agent\ytprobe\s-ui\out\acquire-password-not-ascii-light.png
dom C:\Users\agent\ytprobe\s-ui\out\acquire-password-not-ascii-light.dom.txt
captured C:\Users\agent\ytprobe\s-ui\out\acquire-encryption-unknown-light.png
dom C:\Users\agent\ytprobe\s-ui\out\acquire-encryption-unknown-light.dom.txt
captured C:\Users\agent\ytprobe\s-ui\out\acquire-tools-missing-light.png
dom C:\Users\agent\ytprobe\s-ui\out\acquire-tools-missing-light.dom.txt
captured C:\Users\agent\ytprobe\s-ui\out\acquire-tools-usbmuxd-unavailable-light.png
dom C:\Users\agent\ytprobe\s-ui\out\acquire-tools-usbmuxd-unavailable-light.dom.txt
captured C:\Users\agent\ytprobe\s-ui\out\acquire-tools-verification-failed-light.png
dom C:\Users\agent\ytprobe\s-ui\out\acquire-tools-verification-failed-light.dom.txt
captured C:\Users\agent\ytprobe\s-ui\out\acquire-tools-unsupported-platform-light.png
dom C:\Users\agent\ytprobe\s-ui\out\acquire-tools-unsupported-platform-light.dom.txt
captured C:\Users\agent\ytprobe\s-ui\out\acquire-no-devices-light.png
dom C:\Users\agent\ytprobe\s-ui\out\acquire-no-devices-light.dom.txt
captured C:\Users\agent\ytprobe\s-ui\out\acquire-tools-list-failed-light.png
dom C:\Users\agent\ytprobe\s-ui\out\acquire-tools-list-failed-light.dom.txt
captured C:\Users\agent\ytprobe\s-ui\out\acquire-preflight-warn-light.png
dom C:\Users\agent\ytprobe\s-ui\out\acquire-preflight-warn-light.dom.txt
captured C:\Users\agent\ytprobe\s-ui\out\acquire-preflight-block-light.png
dom C:\Users\agent\ytprobe\s-ui\out\acquire-preflight-block-light.dom.txt
captured C:\Users\agent\ytprobe\s-ui\out\acquire-busy-device-light.png
dom C:\Users\agent\ytprobe\s-ui\out\acquire-busy-device-light.dom.txt
captured C:\Users\agent\ytprobe\s-ui\out\acquire-attached-light.png
dom C:\Users\agent\ytprobe\s-ui\out\acquire-attached-light.dom.txt
captured C:\Users\agent\ytprobe\s-ui\out\acquire-attached-backing-up-light.png
dom C:\Users\agent\ytprobe\s-ui\out\acquire-attached-backing-up-light.dom.txt
captured C:\Users\agent\ytprobe\s-ui\out\acquire-attached-restoring-light.png
dom C:\Users\agent\ytprobe\s-ui\out\acquire-attached-restoring-light.dom.txt
captured C:\Users\agent\ytprobe\s-ui\out\acquire-prompt-encryption-light.png
dom C:\Users\agent\ytprobe\s-ui\out\acquire-prompt-encryption-light.dom.txt
captured C:\Users\agent\ytprobe\s-ui\out\acquire-prompt-backup-light.png
dom C:\Users\agent\ytprobe\s-ui\out\acquire-prompt-backup-light.dom.txt
captured C:\Users\agent\ytprobe\s-ui\out\acquire-progress-light.png
dom C:\Users\agent\ytprobe\s-ui\out\acquire-progress-light.dom.txt
captured C:\Users\agent\ytprobe\s-ui\out\acquire-restoring-encryption-light.png
dom C:\Users\agent\ytprobe\s-ui\out\acquire-restoring-encryption-light.dom.txt
captured C:\Users\agent\ytprobe\s-ui\out\acquire-cancel-confirm-light.png
dom C:\Users\agent\ytprobe\s-ui\out\acquire-cancel-confirm-light.dom.txt
captured C:\Users\agent\ytprobe\s-ui\out\acquire-succeeded-light.png
dom C:\Users\agent\ytprobe\s-ui\out\acquire-succeeded-light.dom.txt
captured C:\Users\agent\ytprobe\s-ui\out\acquire-failed-light.png
dom C:\Users\agent\ytprobe\s-ui\out\acquire-failed-light.dom.txt
captured C:\Users\agent\ytprobe\s-ui\out\acquire-cancelled-light.png
dom C:\Users\agent\ytprobe\s-ui\out\acquire-cancelled-light.dom.txt
captured C:\Users\agent\ytprobe\s-ui\out\acquire-restore-failed-light.png
dom C:\Users\agent\ytprobe\s-ui\out\acquire-restore-failed-light.dom.txt
captured C:\Users\agent\ytprobe\s-ui\out\acquire-restore-dialog-still-on-light.png
dom C:\Users\agent\ytprobe\s-ui\out\acquire-restore-dialog-still-on-light.dom.txt
captured C:\Users\agent\ytprobe\s-ui\out\acquire-restore-done-light.png
dom C:\Users\agent\ytprobe\s-ui\out\acquire-restore-done-light.dom.txt
captured C:\Users\agent\ytprobe\s-ui\out\newrun-handoff-light.png
dom C:\Users\agent\ytprobe\s-ui\out\newrun-handoff-light.dom.txt
captured C:\Users\agent\ytprobe\s-ui\out\case-acquisitions-light.png
dom C:\Users\agent\ytprobe\s-ui\out\case-acquisitions-light.dom.txt
captured C:\Users\agent\ytprobe\s-ui\out\case-acquisition-details-light.png
dom C:\Users\agent\ytprobe\s-ui\out\case-acquisition-details-light.dom.txt
captured C:\Users\agent\ytprobe\s-ui\out\case-acquisition-interrupted-light.png
dom C:\Users\agent\ytprobe\s-ui\out\case-acquisition-interrupted-light.dom.txt
captured C:\Users\agent\ytprobe\s-ui\out\case-restore-dialog-light.png
dom C:\Users\agent\ytprobe\s-ui\out\case-restore-dialog-light.dom.txt
captured C:\Users\agent\ytprobe\s-ui\out\case-restore-done-light.png
dom C:\Users\agent\ytprobe\s-ui\out\case-restore-done-light.dom.txt
captured C:\Users\agent\ytprobe\s-ui\out\case-acquisitions-after-restore-light.png
dom C:\Users\agent\ytprobe\s-ui\out\case-acquisitions-after-restore-light.dom.txt
captured C:\Users\agent\ytprobe\s-ui\out\run-log-100k-light.png
dom C:\Users\agent\ytprobe\s-ui\out\run-log-100k-light.dom.txt
captured C:\Users\agent\ytprobe\s-ui\out\run-log-search-matches-light.png
dom C:\Users\agent\ytprobe\s-ui\out\run-log-search-matches-light.dom.txt
captured C:\Users\agent\ytprobe\s-ui\out\run-log-search-none-light.png
dom C:\Users\agent\ytprobe\s-ui\out\run-log-search-none-light.dom.txt
captured C:\Users\agent\ytprobe\s-ui\out\run-log-search-filter-light.png
dom C:\Users\agent\ytprobe\s-ui\out\run-log-search-filter-light.dom.txt
captured C:\Users\agent\ytprobe\s-ui\out\shell-empty-dark.png
dom C:\Users\agent\ytprobe\s-ui\out\shell-empty-dark.dom.txt
captured C:\Users\agent\ytprobe\s-ui\out\shell-banners-active-job-dark.png
dom C:\Users\agent\ytprobe\s-ui\out\shell-banners-active-job-dark.dom.txt
captured C:\Users\agent\ytprobe\s-ui\out\app-error-dark.png
dom C:\Users\agent\ytprobe\s-ui\out\app-error-dark.dom.txt
captured C:\Users\agent\ytprobe\s-ui\out\no-api-dark.png
dom C:\Users\agent\ytprobe\s-ui\out\no-api-dark.dom.txt
captured C:\Users\agent\ytprobe\s-ui\out\cases-recent-dark.png
dom C:\Users\agent\ytprobe\s-ui\out\cases-recent-dark.dom.txt
captured C:\Users\agent\ytprobe\s-ui\out\cases-missing-folder-dark.png
dom C:\Users\agent\ytprobe\s-ui\out\cases-missing-folder-dark.dom.txt
captured C:\Users\agent\ytprobe\s-ui\out\cases-empty-dark.png
dom C:\Users\agent\ytprobe\s-ui\out\cases-empty-dark.dom.txt
captured C:\Users\agent\ytprobe\s-ui\out\cases-no-tools-dark.png
dom C:\Users\agent\ytprobe\s-ui\out\cases-no-tools-dark.dom.txt
captured C:\Users\agent\ytprobe\s-ui\out\case-new-validation-dark.png
dom C:\Users\agent\ytprobe\s-ui\out\case-new-validation-dark.dom.txt
captured C:\Users\agent\ytprobe\s-ui\out\case-edit-dark.png
dom C:\Users\agent\ytprobe\s-ui\out\case-edit-dark.dom.txt
captured C:\Users\agent\ytprobe\s-ui\out\case-runs-dark.png
dom C:\Users\agent\ytprobe\s-ui\out\case-runs-dark.dom.txt
captured C:\Users\agent\ytprobe\s-ui\out\case-runs-utc-focus-dark.png
dom C:\Users\agent\ytprobe\s-ui\out\case-runs-utc-focus-dark.dom.txt
captured C:\Users\agent\ytprobe\s-ui\out\case-empty-runs-dark.png
dom C:\Users\agent\ytprobe\s-ui\out\case-empty-runs-dark.dom.txt
captured C:\Users\agent\ytprobe\s-ui\out\case-recovered-notice-dark.png
dom C:\Users\agent\ytprobe\s-ui\out\case-recovered-notice-dark.dom.txt
captured C:\Users\agent\ytprobe\s-ui\out\run-details-dark.png
dom C:\Users\agent\ytprobe\s-ui\out\run-details-dark.dom.txt
captured C:\Users\agent\ytprobe\s-ui\out\run-details-raw-json-dark.png
dom C:\Users\agent\ytprobe\s-ui\out\run-details-raw-json-dark.dom.txt
captured C:\Users\agent\ytprobe\s-ui\out\newrun-sections-dark.png
dom C:\Users\agent\ytprobe\s-ui\out\newrun-sections-dark.dom.txt
captured C:\Users\agent\ytprobe\s-ui\out\newrun-inspection-dark.png
dom C:\Users\agent\ytprobe\s-ui\out\newrun-inspection-dark.dom.txt
captured C:\Users\agent\ytprobe\s-ui\out\newrun-overlap-error-dark.png
dom C:\Users\agent\ytprobe\s-ui\out\newrun-overlap-error-dark.dom.txt
captured C:\Users\agent\ytprobe\s-ui\out\newrun-permission-error-dark.png
dom C:\Users\agent\ytprobe\s-ui\out\newrun-permission-error-dark.dom.txt
captured C:\Users\agent\ytprobe\s-ui\out\newrun-encrypted-password-dark.png
dom C:\Users\agent\ytprobe\s-ui\out\newrun-encrypted-password-dark.dom.txt
captured C:\Users\agent\ytprobe\s-ui\out\newrun-encryption-unknown-dark.png
dom C:\Users\agent\ytprobe\s-ui\out\newrun-encryption-unknown-dark.dom.txt
captured C:\Users\agent\ytprobe\s-ui\out\newrun-backups-found-dark.png
dom C:\Users\agent\ytprobe\s-ui\out\newrun-backups-found-dark.dom.txt
captured C:\Users\agent\ytprobe\s-ui\out\newrun-backups-empty-dark.png
dom C:\Users\agent\ytprobe\s-ui\out\newrun-backups-empty-dark.dom.txt
captured C:\Users\agent\ytprobe\s-ui\out\newrun-backups-denied-dark.png
dom C:\Users\agent\ytprobe\s-ui\out\newrun-backups-denied-dark.dom.txt
captured C:\Users\agent\ytprobe\s-ui\out\newrun-backups-denied-windows-dark.png
dom C:\Users\agent\ytprobe\s-ui\out\newrun-backups-denied-windows-dark.dom.txt
captured C:\Users\agent\ytprobe\s-ui\out\newrun-backup-chosen-dark.png
dom C:\Users\agent\ytprobe\s-ui\out\newrun-backup-chosen-dark.dom.txt
captured C:\Users\agent\ytprobe\s-ui\out\newrun-picker-search-dark.png
dom C:\Users\agent\ytprobe\s-ui\out\newrun-picker-search-dark.dom.txt
captured C:\Users\agent\ytprobe\s-ui\out\newrun-picker-tristate-dark.png
dom C:\Users\agent\ytprobe\s-ui\out\newrun-picker-tristate-dark.dom.txt
captured C:\Users\agent\ytprobe\s-ui\out\newrun-profile-unknown-dark.png
dom C:\Users\agent\ytprobe\s-ui\out\newrun-profile-unknown-dark.dom.txt
captured C:\Users\agent\ytprobe\s-ui\out\newrun-unknown-modules-dark.png
dom C:\Users\agent\ytprobe\s-ui\out\newrun-unknown-modules-dark.dom.txt
captured C:\Users\agent\ytprobe\s-ui\out\newrun-start-disabled-dark.png
dom C:\Users\agent\ytprobe\s-ui\out\newrun-start-disabled-dark.dom.txt
captured C:\Users\agent\ytprobe\s-ui\out\newrun-aleapp-file-dark.png
dom C:\Users\agent\ytprobe\s-ui\out\newrun-aleapp-file-dark.dom.txt
captured C:\Users\agent\ytprobe\s-ui\out\newrun-save-profile-dark.png
dom C:\Users\agent\ytprobe\s-ui\out\newrun-save-profile-dark.dom.txt
captured C:\Users\agent\ytprobe\s-ui\out\newrun-profile-saved-dark.png
dom C:\Users\agent\ytprobe\s-ui\out\newrun-profile-saved-dark.dom.txt
captured C:\Users\agent\ytprobe\s-ui\out\newrun-profile-imported-dark.png
dom C:\Users\agent\ytprobe\s-ui\out\newrun-profile-imported-dark.dom.txt
captured C:\Users\agent\ytprobe\s-ui\out\newrun-import-replace-dark.png
dom C:\Users\agent\ytprobe\s-ui\out\newrun-import-replace-dark.dom.txt
captured C:\Users\agent\ytprobe\s-ui\out\newrun-profile-exported-dark.png
dom C:\Users\agent\ytprobe\s-ui\out\newrun-profile-exported-dark.dom.txt
captured C:\Users\agent\ytprobe\s-ui\out\newrun-started-dark.png
dom C:\Users\agent\ytprobe\s-ui\out\newrun-started-dark.dom.txt
captured C:\Users\agent\ytprobe\s-ui\out\newrun-ready-dark.png
dom C:\Users\agent\ytprobe\s-ui\out\newrun-ready-dark.dom.txt
captured C:\Users\agent\ytprobe\s-ui\out\run-phase-preparing-dark.png
dom C:\Users\agent\ytprobe\s-ui\out\run-phase-preparing-dark.dom.txt
captured C:\Users\agent\ytprobe\s-ui\out\run-phase-running-dark.png
dom C:\Users\agent\ytprobe\s-ui\out\run-phase-running-dark.dom.txt
captured C:\Users\agent\ytprobe\s-ui\out\run-phase-hashing-input-dark.png
dom C:\Users\agent\ytprobe\s-ui\out\run-phase-hashing-input-dark.dom.txt
captured C:\Users\agent\ytprobe\s-ui\out\run-phase-analyzing-dark.png
dom C:\Users\agent\ytprobe\s-ui\out\run-phase-analyzing-dark.dom.txt
captured C:\Users\agent\ytprobe\s-ui\out\run-phase-sealing-report-dark.png
dom C:\Users\agent\ytprobe\s-ui\out\run-phase-sealing-report-dark.dom.txt
captured C:\Users\agent\ytprobe\s-ui\out\run-phase-finalizing-dark.png
dom C:\Users\agent\ytprobe\s-ui\out\run-phase-finalizing-dark.dom.txt
captured C:\Users\agent\ytprobe\s-ui\out\run-cancel-confirm-dark.png
dom C:\Users\agent\ytprobe\s-ui\out\run-cancel-confirm-dark.dom.txt
captured C:\Users\agent\ytprobe\s-ui\out\run-succeeded-dark.png
dom C:\Users\agent\ytprobe\s-ui\out\run-succeeded-dark.dom.txt
captured C:\Users\agent\ytprobe\s-ui\out\run-completed-with-errors-dark.png
dom C:\Users\agent\ytprobe\s-ui\out\run-completed-with-errors-dark.dom.txt
captured C:\Users\agent\ytprobe\s-ui\out\run-failed-dark.png
dom C:\Users\agent\ytprobe\s-ui\out\run-failed-dark.dom.txt
captured C:\Users\agent\ytprobe\s-ui\out\run-cancelled-dark.png
dom C:\Users\agent\ytprobe\s-ui\out\run-cancelled-dark.dom.txt
captured C:\Users\agent\ytprobe\s-ui\out\run-interrupted-dark.png
dom C:\Users\agent\ytprobe\s-ui\out\run-interrupted-dark.dom.txt
captured C:\Users\agent\ytprobe\s-ui\out\settings-dark.png
dom C:\Users\agent\ytprobe\s-ui\out\settings-dark.dom.txt
captured C:\Users\agent\ytprobe\s-ui\out\settings-tools-verify-dark.png
dom C:\Users\agent\ytprobe\s-ui\out\settings-tools-verify-dark.dom.txt
captured C:\Users\agent\ytprobe\s-ui\out\settings-tools-not-installed-dark.png
dom C:\Users\agent\ytprobe\s-ui\out\settings-tools-not-installed-dark.dom.txt
captured C:\Users\agent\ytprobe\s-ui\out\settings-tools-failed-unsupported-dark.png
dom C:\Users\agent\ytprobe\s-ui\out\settings-tools-failed-unsupported-dark.dom.txt
captured C:\Users\agent\ytprobe\s-ui\out\settings-tools-dev-override-dark.png
dom C:\Users\agent\ytprobe\s-ui\out\settings-tools-dev-override-dark.dom.txt
captured C:\Users\agent\ytprobe\s-ui\out\settings-installing-dark.png
dom C:\Users\agent\ytprobe\s-ui\out\settings-installing-dark.dom.txt
captured C:\Users\agent\ytprobe\s-ui\out\settings-storage-installing-dark.png
dom C:\Users\agent\ytprobe\s-ui\out\settings-storage-installing-dark.dom.txt
captured C:\Users\agent\ytprobe\s-ui\out\settings-install-failed-dark.png
dom C:\Users\agent\ytprobe\s-ui\out\settings-install-failed-dark.dom.txt
captured C:\Users\agent\ytprobe\s-ui\out\settings-installed-dark.png
dom C:\Users\agent\ytprobe\s-ui\out\settings-installed-dark.dom.txt
captured C:\Users\agent\ytprobe\s-ui\out\settings-storage-dark.png
dom C:\Users\agent\ytprobe\s-ui\out\settings-storage-dark.dom.txt
captured C:\Users\agent\ytprobe\s-ui\out\settings-about-licenses-dark.png
dom C:\Users\agent\ytprobe\s-ui\out\settings-about-licenses-dark.dom.txt
captured C:\Users\agent\ytprobe\s-ui\out\run-attached-dark.png
dom C:\Users\agent\ytprobe\s-ui\out\run-attached-dark.dom.txt
captured C:\Users\agent\ytprobe\s-ui\out\run-attached-mid-phase-dark.png
dom C:\Users\agent\ytprobe\s-ui\out\run-attached-mid-phase-dark.dom.txt
captured C:\Users\agent\ytprobe\s-ui\out\acquire-devices-dark.png
dom C:\Users\agent\ytprobe\s-ui\out\acquire-devices-dark.dom.txt
captured C:\Users\agent\ytprobe\s-ui\out\acquire-pair-states-dark.png
dom C:\Users\agent\ytprobe\s-ui\out\acquire-pair-states-dark.dom.txt
captured C:\Users\agent\ytprobe\s-ui\out\acquire-awaiting-trust-dark.png
dom C:\Users\agent\ytprobe\s-ui\out\acquire-awaiting-trust-dark.dom.txt
captured C:\Users\agent\ytprobe\s-ui\out\acquire-encryption-already-on-dark.png
dom C:\Users\agent\ytprobe\s-ui\out\acquire-encryption-already-on-dark.dom.txt
captured C:\Users\agent\ytprobe\s-ui\out\acquire-encryption-enable-dark.png
dom C:\Users\agent\ytprobe\s-ui\out\acquire-encryption-enable-dark.dom.txt
captured C:\Users\agent\ytprobe\s-ui\out\acquire-password-mismatch-dark.png
dom C:\Users\agent\ytprobe\s-ui\out\acquire-password-mismatch-dark.dom.txt
captured C:\Users\agent\ytprobe\s-ui\out\acquire-password-not-ascii-dark.png
dom C:\Users\agent\ytprobe\s-ui\out\acquire-password-not-ascii-dark.dom.txt
captured C:\Users\agent\ytprobe\s-ui\out\acquire-encryption-unknown-dark.png
dom C:\Users\agent\ytprobe\s-ui\out\acquire-encryption-unknown-dark.dom.txt
captured C:\Users\agent\ytprobe\s-ui\out\acquire-tools-missing-dark.png
dom C:\Users\agent\ytprobe\s-ui\out\acquire-tools-missing-dark.dom.txt
captured C:\Users\agent\ytprobe\s-ui\out\acquire-tools-usbmuxd-unavailable-dark.png
dom C:\Users\agent\ytprobe\s-ui\out\acquire-tools-usbmuxd-unavailable-dark.dom.txt
captured C:\Users\agent\ytprobe\s-ui\out\acquire-tools-verification-failed-dark.png
dom C:\Users\agent\ytprobe\s-ui\out\acquire-tools-verification-failed-dark.dom.txt
captured C:\Users\agent\ytprobe\s-ui\out\acquire-tools-unsupported-platform-dark.png
dom C:\Users\agent\ytprobe\s-ui\out\acquire-tools-unsupported-platform-dark.dom.txt
captured C:\Users\agent\ytprobe\s-ui\out\acquire-no-devices-dark.png
dom C:\Users\agent\ytprobe\s-ui\out\acquire-no-devices-dark.dom.txt
captured C:\Users\agent\ytprobe\s-ui\out\acquire-tools-list-failed-dark.png
dom C:\Users\agent\ytprobe\s-ui\out\acquire-tools-list-failed-dark.dom.txt
captured C:\Users\agent\ytprobe\s-ui\out\acquire-preflight-warn-dark.png
dom C:\Users\agent\ytprobe\s-ui\out\acquire-preflight-warn-dark.dom.txt
captured C:\Users\agent\ytprobe\s-ui\out\acquire-preflight-block-dark.png
dom C:\Users\agent\ytprobe\s-ui\out\acquire-preflight-block-dark.dom.txt
captured C:\Users\agent\ytprobe\s-ui\out\acquire-busy-device-dark.png
dom C:\Users\agent\ytprobe\s-ui\out\acquire-busy-device-dark.dom.txt
captured C:\Users\agent\ytprobe\s-ui\out\acquire-attached-dark.png
dom C:\Users\agent\ytprobe\s-ui\out\acquire-attached-dark.dom.txt
captured C:\Users\agent\ytprobe\s-ui\out\acquire-attached-backing-up-dark.png
dom C:\Users\agent\ytprobe\s-ui\out\acquire-attached-backing-up-dark.dom.txt
captured C:\Users\agent\ytprobe\s-ui\out\acquire-attached-restoring-dark.png
dom C:\Users\agent\ytprobe\s-ui\out\acquire-attached-restoring-dark.dom.txt
captured C:\Users\agent\ytprobe\s-ui\out\acquire-prompt-encryption-dark.png
dom C:\Users\agent\ytprobe\s-ui\out\acquire-prompt-encryption-dark.dom.txt
captured C:\Users\agent\ytprobe\s-ui\out\acquire-prompt-backup-dark.png
dom C:\Users\agent\ytprobe\s-ui\out\acquire-prompt-backup-dark.dom.txt
captured C:\Users\agent\ytprobe\s-ui\out\acquire-progress-dark.png
dom C:\Users\agent\ytprobe\s-ui\out\acquire-progress-dark.dom.txt
captured C:\Users\agent\ytprobe\s-ui\out\acquire-restoring-encryption-dark.png
dom C:\Users\agent\ytprobe\s-ui\out\acquire-restoring-encryption-dark.dom.txt
captured C:\Users\agent\ytprobe\s-ui\out\acquire-cancel-confirm-dark.png
dom C:\Users\agent\ytprobe\s-ui\out\acquire-cancel-confirm-dark.dom.txt
captured C:\Users\agent\ytprobe\s-ui\out\acquire-succeeded-dark.png
dom C:\Users\agent\ytprobe\s-ui\out\acquire-succeeded-dark.dom.txt
captured C:\Users\agent\ytprobe\s-ui\out\acquire-failed-dark.png
dom C:\Users\agent\ytprobe\s-ui\out\acquire-failed-dark.dom.txt
captured C:\Users\agent\ytprobe\s-ui\out\acquire-cancelled-dark.png
dom C:\Users\agent\ytprobe\s-ui\out\acquire-cancelled-dark.dom.txt
captured C:\Users\agent\ytprobe\s-ui\out\acquire-restore-failed-dark.png
dom C:\Users\agent\ytprobe\s-ui\out\acquire-restore-failed-dark.dom.txt
captured C:\Users\agent\ytprobe\s-ui\out\acquire-restore-dialog-still-on-dark.png
dom C:\Users\agent\ytprobe\s-ui\out\acquire-restore-dialog-still-on-dark.dom.txt
captured C:\Users\agent\ytprobe\s-ui\out\acquire-restore-done-dark.png
dom C:\Users\agent\ytprobe\s-ui\out\acquire-restore-done-dark.dom.txt
captured C:\Users\agent\ytprobe\s-ui\out\newrun-handoff-dark.png
dom C:\Users\agent\ytprobe\s-ui\out\newrun-handoff-dark.dom.txt
captured C:\Users\agent\ytprobe\s-ui\out\case-acquisitions-dark.png
dom C:\Users\agent\ytprobe\s-ui\out\case-acquisitions-dark.dom.txt
captured C:\Users\agent\ytprobe\s-ui\out\case-acquisition-details-dark.png
dom C:\Users\agent\ytprobe\s-ui\out\case-acquisition-details-dark.dom.txt
captured C:\Users\agent\ytprobe\s-ui\out\case-acquisition-interrupted-dark.png
dom C:\Users\agent\ytprobe\s-ui\out\case-acquisition-interrupted-dark.dom.txt
captured C:\Users\agent\ytprobe\s-ui\out\case-restore-dialog-dark.png
dom C:\Users\agent\ytprobe\s-ui\out\case-restore-dialog-dark.dom.txt
captured C:\Users\agent\ytprobe\s-ui\out\case-restore-done-dark.png
dom C:\Users\agent\ytprobe\s-ui\out\case-restore-done-dark.dom.txt
captured C:\Users\agent\ytprobe\s-ui\out\case-acquisitions-after-restore-dark.png
dom C:\Users\agent\ytprobe\s-ui\out\case-acquisitions-after-restore-dark.dom.txt
captured C:\Users\agent\ytprobe\s-ui\out\run-log-100k-dark.png
dom C:\Users\agent\ytprobe\s-ui\out\run-log-100k-dark.dom.txt
captured C:\Users\agent\ytprobe\s-ui\out\run-log-search-matches-dark.png
dom C:\Users\agent\ytprobe\s-ui\out\run-log-search-matches-dark.dom.txt
captured C:\Users\agent\ytprobe\s-ui\out\run-log-search-none-dark.png
dom C:\Users\agent\ytprobe\s-ui\out\run-log-search-none-dark.dom.txt
captured C:\Users\agent\ytprobe\s-ui\out\run-log-search-filter-dark.png
dom C:\Users\agent\ytprobe\s-ui\out\run-log-search-filter-dark.dom.txt
passed check-backup-finder
passed check-enter-does-not-start
passed check-run-cancel-confirm
passed check-acq-enter-does-not-start
passed check-acq-cancel-confirm
passed check-encryption-off-confirm
passed check-acquire-result-reread
passed check-new-acquisition-resets
passed check-focus-kept-during-backup
passed check-focus-kept-during-install
passed check-no-implicit-pairing
passed check-handoff-cleared
passed check-log-search
passed check-log-search-live
perf {"budget_ms":100,"results":[{"query":"history","modules":1300,"runs":7,"render_ms_median":11.3,"filter_ms_median":4.3,"total_ms_median":15.4,"total_ms_max":33.9},{"query":"a","modules":1300,"runs":7,"render_ms_median":10.4,"filter_ms_median":20,"total_ms_median":31,"total_ms_max":34.4}]}
perf-log {"budget_ms":100,"lines":100076,"row_elements":40,"stream_ms":1555,"stream_long_tasks":{"count":0,"max_ms":0},"jump_ms":{"runs":50,"median":33.2,"max":35},"jump_wrong_rows":0,"scroll_frame_ms":{"frames":120,"median":16.6,"max":18.8},"scroll_long_tasks":{"count":0,"max_ms":0},"search":{"lines":100090,"row_elements":40,"query_ms":[{"query":"s","status":"100,085 matching lines","runs":5,"median":33.2,"max":33.5,"work":{"runs":5,"median":2.7,"max":3.2}},{"query":"sa","status":"18,166 matching lines","runs":5,"median":33.2,"max":34.2,"work":{"runs":5,"median":6.4,"max":8}},{"query":"saf","status":"3,003 matching lines","runs":5,"median":33.4,"max":34.1,"work":{"runs":5,"median":6.4,"max":7.1}},{"query":"safa","status":"3,003 matching lines","runs":5,"median":33,"max":33.2,"work":{"runs":5,"median":4.9,"max":5.3}},{"query":"safar","status":"3,003 matching lines","runs":5,"median":32.1,"max":33.5,"work":{"runs":5,"median":4.6,"max":4.8}},{"query":"safari","status":"3,003 matching lines","runs":5,"median":33.5,"max":34.1,"work":{"runs":5,"median":4.9,"max":5.1}},{"query":"SAFARI","status":"3,003 matching lines","runs":5,"median":33,"max":34,"work":{"runs":5,"median":5,"max":5.2}},{"query":"parsed 42 records","status":"1,031 matching lines","runs":5,"median":32.9,"max":34,"work":{"runs":5,"median":3.6,"max":3.9}},{"query":"a","status":"100,088 matching lines","runs":5,"median":33.7,"max":34.9,"work":{"runs":5,"median":2.6,"max":2.7}},{"query":"Traceback","status":"No matching lines","runs":5,"median":33.5,"max":34.1,"work":{"runs":5,"median":3.6,"max":3.7}}],"next_ms":{"runs":30,"median":33.4,"max":34.8,"status":"147 of 3,003 matching lines","missing_current_rows":0},"only_matching":[{"query":"a","status":"100,088 matching lines","rows":100088,"toggle_ms":33.1,"jump_ms":{"runs":50,"median":33.2,"max":34.8},"scroll_frame_ms":{"runs":120,"median":16.7,"max":20.8},"wrong_rows":0},{"query":"SAFARI","status":"3,003 matching lines","rows":3003,"toggle_ms":33.3,"jump_ms":{"runs":50,"median":33.3,"max":35.2},"scroll_frame_ms":{"runs":120,"median":16.6,"max":18.4},"wrong_rows":0}],"long_tasks":{"count":0,"max_ms":0}}}
OK: no CSP violations, console errors or page errors
exit=0
