dom time zone: America/Los_Angeles
dom fixed ids: 5b0c2f4e9a7d4b1f8c3e6a2d1f0b9e7c 20260924-183005Z-ileapp-3f9a1c 20260924-171200Z-ios-9c01de 20260923-101500Z-ios-51be07
serve-ui on port 49541
captured C:\Users\agent\ytprobe\z0c\out7\shell-empty-light.png
dom page time zone: America/Los_Angeles
dom C:\Users\agent\ytprobe\z0c\out7\shell-empty-light.dom.txt
captured C:\Users\agent\ytprobe\z0c\out7\shell-banners-active-job-light.png
dom C:\Users\agent\ytprobe\z0c\out7\shell-banners-active-job-light.dom.txt
captured C:\Users\agent\ytprobe\z0c\out7\app-error-light.png
dom C:\Users\agent\ytprobe\z0c\out7\app-error-light.dom.txt
captured C:\Users\agent\ytprobe\z0c\out7\no-api-light.png
dom C:\Users\agent\ytprobe\z0c\out7\no-api-light.dom.txt
captured C:\Users\agent\ytprobe\z0c\out7\cases-recent-light.png
dom C:\Users\agent\ytprobe\z0c\out7\cases-recent-light.dom.txt
captured C:\Users\agent\ytprobe\z0c\out7\cases-missing-folder-light.png
dom C:\Users\agent\ytprobe\z0c\out7\cases-missing-folder-light.dom.txt
captured C:\Users\agent\ytprobe\z0c\out7\cases-empty-light.png
dom C:\Users\agent\ytprobe\z0c\out7\cases-empty-light.dom.txt
captured C:\Users\agent\ytprobe\z0c\out7\cases-no-tools-light.png
dom C:\Users\agent\ytprobe\z0c\out7\cases-no-tools-light.dom.txt
captured C:\Users\agent\ytprobe\z0c\out7\case-new-validation-light.png
dom C:\Users\agent\ytprobe\z0c\out7\case-new-validation-light.dom.txt
captured C:\Users\agent\ytprobe\z0c\out7\case-edit-light.png
dom C:\Users\agent\ytprobe\z0c\out7\case-edit-light.dom.txt
captured C:\Users\agent\ytprobe\z0c\out7\case-runs-light.png
dom C:\Users\agent\ytprobe\z0c\out7\case-runs-light.dom.txt
captured C:\Users\agent\ytprobe\z0c\out7\case-runs-utc-focus-light.png
dom C:\Users\agent\ytprobe\z0c\out7\case-runs-utc-focus-light.dom.txt
captured C:\Users\agent\ytprobe\z0c\out7\case-empty-runs-light.png
dom C:\Users\agent\ytprobe\z0c\out7\case-empty-runs-light.dom.txt
captured C:\Users\agent\ytprobe\z0c\out7\case-recovered-notice-light.png
dom C:\Users\agent\ytprobe\z0c\out7\case-recovered-notice-light.dom.txt
captured C:\Users\agent\ytprobe\z0c\out7\run-details-light.png
dom C:\Users\agent\ytprobe\z0c\out7\run-details-light.dom.txt
captured C:\Users\agent\ytprobe\z0c\out7\run-details-raw-json-light.png
dom C:\Users\agent\ytprobe\z0c\out7\run-details-raw-json-light.dom.txt
captured C:\Users\agent\ytprobe\z0c\out7\newrun-sections-light.png
dom C:\Users\agent\ytprobe\z0c\out7\newrun-sections-light.dom.txt
captured C:\Users\agent\ytprobe\z0c\out7\newrun-inspection-light.png
dom C:\Users\agent\ytprobe\z0c\out7\newrun-inspection-light.dom.txt
captured C:\Users\agent\ytprobe\z0c\out7\newrun-overlap-error-light.png
dom C:\Users\agent\ytprobe\z0c\out7\newrun-overlap-error-light.dom.txt
captured C:\Users\agent\ytprobe\z0c\out7\newrun-permission-error-light.png
dom C:\Users\agent\ytprobe\z0c\out7\newrun-permission-error-light.dom.txt
captured C:\Users\agent\ytprobe\z0c\out7\newrun-encrypted-password-light.png
dom C:\Users\agent\ytprobe\z0c\out7\newrun-encrypted-password-light.dom.txt
captured C:\Users\agent\ytprobe\z0c\out7\newrun-encryption-unknown-light.png
dom C:\Users\agent\ytprobe\z0c\out7\newrun-encryption-unknown-light.dom.txt
captured C:\Users\agent\ytprobe\z0c\out7\newrun-backups-found-light.png
dom C:\Users\agent\ytprobe\z0c\out7\newrun-backups-found-light.dom.txt
captured C:\Users\agent\ytprobe\z0c\out7\newrun-backups-empty-light.png
dom C:\Users\agent\ytprobe\z0c\out7\newrun-backups-empty-light.dom.txt
captured C:\Users\agent\ytprobe\z0c\out7\newrun-backups-denied-light.png
dom C:\Users\agent\ytprobe\z0c\out7\newrun-backups-denied-light.dom.txt
captured C:\Users\agent\ytprobe\z0c\out7\newrun-backups-denied-windows-light.png
dom C:\Users\agent\ytprobe\z0c\out7\newrun-backups-denied-windows-light.dom.txt
captured C:\Users\agent\ytprobe\z0c\out7\newrun-backup-chosen-light.png
dom C:\Users\agent\ytprobe\z0c\out7\newrun-backup-chosen-light.dom.txt
captured C:\Users\agent\ytprobe\z0c\out7\newrun-picker-search-light.png
dom C:\Users\agent\ytprobe\z0c\out7\newrun-picker-search-light.dom.txt
captured C:\Users\agent\ytprobe\z0c\out7\newrun-picker-tristate-light.png
dom C:\Users\agent\ytprobe\z0c\out7\newrun-picker-tristate-light.dom.txt
captured C:\Users\agent\ytprobe\z0c\out7\newrun-profile-unknown-light.png
dom C:\Users\agent\ytprobe\z0c\out7\newrun-profile-unknown-light.dom.txt
captured C:\Users\agent\ytprobe\z0c\out7\newrun-unknown-modules-light.png
dom C:\Users\agent\ytprobe\z0c\out7\newrun-unknown-modules-light.dom.txt
captured C:\Users\agent\ytprobe\z0c\out7\newrun-start-disabled-light.png
dom C:\Users\agent\ytprobe\z0c\out7\newrun-start-disabled-light.dom.txt
captured C:\Users\agent\ytprobe\z0c\out7\newrun-aleapp-file-light.png
dom C:\Users\agent\ytprobe\z0c\out7\newrun-aleapp-file-light.dom.txt
captured C:\Users\agent\ytprobe\z0c\out7\newrun-save-profile-light.png
dom C:\Users\agent\ytprobe\z0c\out7\newrun-save-profile-light.dom.txt
captured C:\Users\agent\ytprobe\z0c\out7\newrun-profile-saved-light.png
dom C:\Users\agent\ytprobe\z0c\out7\newrun-profile-saved-light.dom.txt
captured C:\Users\agent\ytprobe\z0c\out7\newrun-profile-imported-light.png
dom C:\Users\agent\ytprobe\z0c\out7\newrun-profile-imported-light.dom.txt
captured C:\Users\agent\ytprobe\z0c\out7\newrun-import-replace-light.png
dom C:\Users\agent\ytprobe\z0c\out7\newrun-import-replace-light.dom.txt
captured C:\Users\agent\ytprobe\z0c\out7\newrun-profile-exported-light.png
dom C:\Users\agent\ytprobe\z0c\out7\newrun-profile-exported-light.dom.txt
captured C:\Users\agent\ytprobe\z0c\out7\newrun-started-light.png
dom C:\Users\agent\ytprobe\z0c\out7\newrun-started-light.dom.txt
captured C:\Users\agent\ytprobe\z0c\out7\newrun-ready-light.png
dom C:\Users\agent\ytprobe\z0c\out7\newrun-ready-light.dom.txt
captured C:\Users\agent\ytprobe\z0c\out7\run-phase-preparing-light.png
dom C:\Users\agent\ytprobe\z0c\out7\run-phase-preparing-light.dom.txt
captured C:\Users\agent\ytprobe\z0c\out7\run-phase-running-light.png
dom C:\Users\agent\ytprobe\z0c\out7\run-phase-running-light.dom.txt
captured C:\Users\agent\ytprobe\z0c\out7\run-phase-hashing-input-light.png
dom C:\Users\agent\ytprobe\z0c\out7\run-phase-hashing-input-light.dom.txt
captured C:\Users\agent\ytprobe\z0c\out7\run-phase-analyzing-light.png
dom C:\Users\agent\ytprobe\z0c\out7\run-phase-analyzing-light.dom.txt
captured C:\Users\agent\ytprobe\z0c\out7\run-phase-sealing-report-light.png
dom C:\Users\agent\ytprobe\z0c\out7\run-phase-sealing-report-light.dom.txt
captured C:\Users\agent\ytprobe\z0c\out7\run-phase-finalizing-light.png
dom C:\Users\agent\ytprobe\z0c\out7\run-phase-finalizing-light.dom.txt
captured C:\Users\agent\ytprobe\z0c\out7\run-cancel-confirm-light.png
dom C:\Users\agent\ytprobe\z0c\out7\run-cancel-confirm-light.dom.txt
captured C:\Users\agent\ytprobe\z0c\out7\run-succeeded-light.png
dom C:\Users\agent\ytprobe\z0c\out7\run-succeeded-light.dom.txt
captured C:\Users\agent\ytprobe\z0c\out7\run-completed-with-errors-light.png
dom C:\Users\agent\ytprobe\z0c\out7\run-completed-with-errors-light.dom.txt
captured C:\Users\agent\ytprobe\z0c\out7\run-failed-light.png
dom C:\Users\agent\ytprobe\z0c\out7\run-failed-light.dom.txt
captured C:\Users\agent\ytprobe\z0c\out7\run-cancelled-light.png
dom C:\Users\agent\ytprobe\z0c\out7\run-cancelled-light.dom.txt
captured C:\Users\agent\ytprobe\z0c\out7\run-interrupted-light.png
dom C:\Users\agent\ytprobe\z0c\out7\run-interrupted-light.dom.txt
captured C:\Users\agent\ytprobe\z0c\out7\settings-light.png
dom C:\Users\agent\ytprobe\z0c\out7\settings-light.dom.txt
captured C:\Users\agent\ytprobe\z0c\out7\settings-tools-verify-light.png
dom C:\Users\agent\ytprobe\z0c\out7\settings-tools-verify-light.dom.txt
captured C:\Users\agent\ytprobe\z0c\out7\settings-tools-not-installed-light.png
dom C:\Users\agent\ytprobe\z0c\out7\settings-tools-not-installed-light.dom.txt
captured C:\Users\agent\ytprobe\z0c\out7\settings-tools-failed-unsupported-light.png
dom C:\Users\agent\ytprobe\z0c\out7\settings-tools-failed-unsupported-light.dom.txt
captured C:\Users\agent\ytprobe\z0c\out7\settings-tools-dev-override-light.png
dom C:\Users\agent\ytprobe\z0c\out7\settings-tools-dev-override-light.dom.txt
captured C:\Users\agent\ytprobe\z0c\out7\settings-installing-light.png
dom C:\Users\agent\ytprobe\z0c\out7\settings-installing-light.dom.txt
captured C:\Users\agent\ytprobe\z0c\out7\settings-storage-installing-light.png
dom C:\Users\agent\ytprobe\z0c\out7\settings-storage-installing-light.dom.txt
captured C:\Users\agent\ytprobe\z0c\out7\settings-install-failed-light.png
dom C:\Users\agent\ytprobe\z0c\out7\settings-install-failed-light.dom.txt
captured C:\Users\agent\ytprobe\z0c\out7\settings-installed-light.png
dom C:\Users\agent\ytprobe\z0c\out7\settings-installed-light.dom.txt
captured C:\Users\agent\ytprobe\z0c\out7\settings-storage-light.png
dom C:\Users\agent\ytprobe\z0c\out7\settings-storage-light.dom.txt
captured C:\Users\agent\ytprobe\z0c\out7\settings-about-licenses-light.png
dom C:\Users\agent\ytprobe\z0c\out7\settings-about-licenses-light.dom.txt
captured C:\Users\agent\ytprobe\z0c\out7\run-attached-light.png
dom C:\Users\agent\ytprobe\z0c\out7\run-attached-light.dom.txt
captured C:\Users\agent\ytprobe\z0c\out7\run-attached-mid-phase-light.png
dom C:\Users\agent\ytprobe\z0c\out7\run-attached-mid-phase-light.dom.txt
captured C:\Users\agent\ytprobe\z0c\out7\acquire-devices-light.png
dom C:\Users\agent\ytprobe\z0c\out7\acquire-devices-light.dom.txt
captured C:\Users\agent\ytprobe\z0c\out7\acquire-pair-states-light.png
dom C:\Users\agent\ytprobe\z0c\out7\acquire-pair-states-light.dom.txt
captured C:\Users\agent\ytprobe\z0c\out7\acquire-awaiting-trust-light.png
dom C:\Users\agent\ytprobe\z0c\out7\acquire-awaiting-trust-light.dom.txt
captured C:\Users\agent\ytprobe\z0c\out7\acquire-encryption-already-on-light.png
dom C:\Users\agent\ytprobe\z0c\out7\acquire-encryption-already-on-light.dom.txt
captured C:\Users\agent\ytprobe\z0c\out7\acquire-encryption-enable-light.png
dom C:\Users\agent\ytprobe\z0c\out7\acquire-encryption-enable-light.dom.txt
captured C:\Users\agent\ytprobe\z0c\out7\acquire-password-mismatch-light.png
dom C:\Users\agent\ytprobe\z0c\out7\acquire-password-mismatch-light.dom.txt
captured C:\Users\agent\ytprobe\z0c\out7\acquire-password-not-ascii-light.png
dom C:\Users\agent\ytprobe\z0c\out7\acquire-password-not-ascii-light.dom.txt
captured C:\Users\agent\ytprobe\z0c\out7\acquire-encryption-unknown-light.png
dom C:\Users\agent\ytprobe\z0c\out7\acquire-encryption-unknown-light.dom.txt
captured C:\Users\agent\ytprobe\z0c\out7\acquire-tools-missing-light.png
dom C:\Users\agent\ytprobe\z0c\out7\acquire-tools-missing-light.dom.txt
captured C:\Users\agent\ytprobe\z0c\out7\acquire-tools-usbmuxd-unavailable-light.png
dom C:\Users\agent\ytprobe\z0c\out7\acquire-tools-usbmuxd-unavailable-light.dom.txt
captured C:\Users\agent\ytprobe\z0c\out7\acquire-tools-verification-failed-light.png
dom C:\Users\agent\ytprobe\z0c\out7\acquire-tools-verification-failed-light.dom.txt
captured C:\Users\agent\ytprobe\z0c\out7\acquire-tools-unsupported-platform-light.png
dom C:\Users\agent\ytprobe\z0c\out7\acquire-tools-unsupported-platform-light.dom.txt
captured C:\Users\agent\ytprobe\z0c\out7\acquire-no-devices-light.png
dom C:\Users\agent\ytprobe\z0c\out7\acquire-no-devices-light.dom.txt
captured C:\Users\agent\ytprobe\z0c\out7\acquire-tools-list-failed-light.png
dom C:\Users\agent\ytprobe\z0c\out7\acquire-tools-list-failed-light.dom.txt
captured C:\Users\agent\ytprobe\z0c\out7\acquire-preflight-warn-light.png
dom C:\Users\agent\ytprobe\z0c\out7\acquire-preflight-warn-light.dom.txt
captured C:\Users\agent\ytprobe\z0c\out7\acquire-preflight-block-light.png
dom C:\Users\agent\ytprobe\z0c\out7\acquire-preflight-block-light.dom.txt
captured C:\Users\agent\ytprobe\z0c\out7\acquire-busy-device-light.png
dom C:\Users\agent\ytprobe\z0c\out7\acquire-busy-device-light.dom.txt
captured C:\Users\agent\ytprobe\z0c\out7\acquire-attached-light.png
dom C:\Users\agent\ytprobe\z0c\out7\acquire-attached-light.dom.txt
captured C:\Users\agent\ytprobe\z0c\out7\acquire-attached-backing-up-light.png
dom C:\Users\agent\ytprobe\z0c\out7\acquire-attached-backing-up-light.dom.txt
captured C:\Users\agent\ytprobe\z0c\out7\acquire-attached-restoring-light.png
dom C:\Users\agent\ytprobe\z0c\out7\acquire-attached-restoring-light.dom.txt
captured C:\Users\agent\ytprobe\z0c\out7\acquire-prompt-encryption-light.png
dom C:\Users\agent\ytprobe\z0c\out7\acquire-prompt-encryption-light.dom.txt
captured C:\Users\agent\ytprobe\z0c\out7\acquire-prompt-backup-light.png
dom C:\Users\agent\ytprobe\z0c\out7\acquire-prompt-backup-light.dom.txt
captured C:\Users\agent\ytprobe\z0c\out7\acquire-progress-light.png
dom C:\Users\agent\ytprobe\z0c\out7\acquire-progress-light.dom.txt
captured C:\Users\agent\ytprobe\z0c\out7\acquire-restoring-encryption-light.png
dom C:\Users\agent\ytprobe\z0c\out7\acquire-restoring-encryption-light.dom.txt
captured C:\Users\agent\ytprobe\z0c\out7\acquire-cancel-confirm-light.png
dom C:\Users\agent\ytprobe\z0c\out7\acquire-cancel-confirm-light.dom.txt
captured C:\Users\agent\ytprobe\z0c\out7\acquire-succeeded-light.png
dom C:\Users\agent\ytprobe\z0c\out7\acquire-succeeded-light.dom.txt
captured C:\Users\agent\ytprobe\z0c\out7\acquire-failed-light.png
dom C:\Users\agent\ytprobe\z0c\out7\acquire-failed-light.dom.txt
captured C:\Users\agent\ytprobe\z0c\out7\acquire-cancelled-light.png
dom C:\Users\agent\ytprobe\z0c\out7\acquire-cancelled-light.dom.txt
captured C:\Users\agent\ytprobe\z0c\out7\acquire-restore-failed-light.png
dom C:\Users\agent\ytprobe\z0c\out7\acquire-restore-failed-light.dom.txt
captured C:\Users\agent\ytprobe\z0c\out7\acquire-restore-dialog-still-on-light.png
dom C:\Users\agent\ytprobe\z0c\out7\acquire-restore-dialog-still-on-light.dom.txt
captured C:\Users\agent\ytprobe\z0c\out7\acquire-restore-done-light.png
dom C:\Users\agent\ytprobe\z0c\out7\acquire-restore-done-light.dom.txt
captured C:\Users\agent\ytprobe\z0c\out7\newrun-handoff-light.png
dom C:\Users\agent\ytprobe\z0c\out7\newrun-handoff-light.dom.txt
captured C:\Users\agent\ytprobe\z0c\out7\case-acquisitions-light.png
dom C:\Users\agent\ytprobe\z0c\out7\case-acquisitions-light.dom.txt
captured C:\Users\agent\ytprobe\z0c\out7\case-acquisition-details-light.png
dom C:\Users\agent\ytprobe\z0c\out7\case-acquisition-details-light.dom.txt
captured C:\Users\agent\ytprobe\z0c\out7\case-acquisition-interrupted-light.png
dom C:\Users\agent\ytprobe\z0c\out7\case-acquisition-interrupted-light.dom.txt
captured C:\Users\agent\ytprobe\z0c\out7\case-restore-dialog-light.png
dom C:\Users\agent\ytprobe\z0c\out7\case-restore-dialog-light.dom.txt
captured C:\Users\agent\ytprobe\z0c\out7\case-restore-done-light.png
dom C:\Users\agent\ytprobe\z0c\out7\case-restore-done-light.dom.txt
captured C:\Users\agent\ytprobe\z0c\out7\case-acquisitions-after-restore-light.png
dom C:\Users\agent\ytprobe\z0c\out7\case-acquisitions-after-restore-light.dom.txt
captured C:\Users\agent\ytprobe\z0c\out7\run-log-100k-light.png
dom C:\Users\agent\ytprobe\z0c\out7\run-log-100k-light.dom.txt
captured C:\Users\agent\ytprobe\z0c\out7\run-log-search-matches-light.png
dom C:\Users\agent\ytprobe\z0c\out7\run-log-search-matches-light.dom.txt
captured C:\Users\agent\ytprobe\z0c\out7\run-log-search-none-light.png
dom C:\Users\agent\ytprobe\z0c\out7\run-log-search-none-light.dom.txt
captured C:\Users\agent\ytprobe\z0c\out7\run-log-search-filter-light.png
dom C:\Users\agent\ytprobe\z0c\out7\run-log-search-filter-light.dom.txt
captured C:\Users\agent\ytprobe\z0c\out7\shell-empty-dark.png
dom C:\Users\agent\ytprobe\z0c\out7\shell-empty-dark.dom.txt
captured C:\Users\agent\ytprobe\z0c\out7\shell-banners-active-job-dark.png
dom C:\Users\agent\ytprobe\z0c\out7\shell-banners-active-job-dark.dom.txt
captured C:\Users\agent\ytprobe\z0c\out7\app-error-dark.png
dom C:\Users\agent\ytprobe\z0c\out7\app-error-dark.dom.txt
captured C:\Users\agent\ytprobe\z0c\out7\no-api-dark.png
dom C:\Users\agent\ytprobe\z0c\out7\no-api-dark.dom.txt
captured C:\Users\agent\ytprobe\z0c\out7\cases-recent-dark.png
dom C:\Users\agent\ytprobe\z0c\out7\cases-recent-dark.dom.txt
captured C:\Users\agent\ytprobe\z0c\out7\cases-missing-folder-dark.png
dom C:\Users\agent\ytprobe\z0c\out7\cases-missing-folder-dark.dom.txt
captured C:\Users\agent\ytprobe\z0c\out7\cases-empty-dark.png
dom C:\Users\agent\ytprobe\z0c\out7\cases-empty-dark.dom.txt
captured C:\Users\agent\ytprobe\z0c\out7\cases-no-tools-dark.png
dom C:\Users\agent\ytprobe\z0c\out7\cases-no-tools-dark.dom.txt
captured C:\Users\agent\ytprobe\z0c\out7\case-new-validation-dark.png
dom C:\Users\agent\ytprobe\z0c\out7\case-new-validation-dark.dom.txt
captured C:\Users\agent\ytprobe\z0c\out7\case-edit-dark.png
dom C:\Users\agent\ytprobe\z0c\out7\case-edit-dark.dom.txt
captured C:\Users\agent\ytprobe\z0c\out7\case-runs-dark.png
dom C:\Users\agent\ytprobe\z0c\out7\case-runs-dark.dom.txt
captured C:\Users\agent\ytprobe\z0c\out7\case-runs-utc-focus-dark.png
dom C:\Users\agent\ytprobe\z0c\out7\case-runs-utc-focus-dark.dom.txt
captured C:\Users\agent\ytprobe\z0c\out7\case-empty-runs-dark.png
dom C:\Users\agent\ytprobe\z0c\out7\case-empty-runs-dark.dom.txt
captured C:\Users\agent\ytprobe\z0c\out7\case-recovered-notice-dark.png
dom C:\Users\agent\ytprobe\z0c\out7\case-recovered-notice-dark.dom.txt
captured C:\Users\agent\ytprobe\z0c\out7\run-details-dark.png
dom C:\Users\agent\ytprobe\z0c\out7\run-details-dark.dom.txt
captured C:\Users\agent\ytprobe\z0c\out7\run-details-raw-json-dark.png
dom C:\Users\agent\ytprobe\z0c\out7\run-details-raw-json-dark.dom.txt
captured C:\Users\agent\ytprobe\z0c\out7\newrun-sections-dark.png
dom C:\Users\agent\ytprobe\z0c\out7\newrun-sections-dark.dom.txt
captured C:\Users\agent\ytprobe\z0c\out7\newrun-inspection-dark.png
dom C:\Users\agent\ytprobe\z0c\out7\newrun-inspection-dark.dom.txt
captured C:\Users\agent\ytprobe\z0c\out7\newrun-overlap-error-dark.png
dom C:\Users\agent\ytprobe\z0c\out7\newrun-overlap-error-dark.dom.txt
captured C:\Users\agent\ytprobe\z0c\out7\newrun-permission-error-dark.png
dom C:\Users\agent\ytprobe\z0c\out7\newrun-permission-error-dark.dom.txt
captured C:\Users\agent\ytprobe\z0c\out7\newrun-encrypted-password-dark.png
dom C:\Users\agent\ytprobe\z0c\out7\newrun-encrypted-password-dark.dom.txt
captured C:\Users\agent\ytprobe\z0c\out7\newrun-encryption-unknown-dark.png
dom C:\Users\agent\ytprobe\z0c\out7\newrun-encryption-unknown-dark.dom.txt
captured C:\Users\agent\ytprobe\z0c\out7\newrun-backups-found-dark.png
dom C:\Users\agent\ytprobe\z0c\out7\newrun-backups-found-dark.dom.txt
captured C:\Users\agent\ytprobe\z0c\out7\newrun-backups-empty-dark.png
dom C:\Users\agent\ytprobe\z0c\out7\newrun-backups-empty-dark.dom.txt
captured C:\Users\agent\ytprobe\z0c\out7\newrun-backups-denied-dark.png
dom C:\Users\agent\ytprobe\z0c\out7\newrun-backups-denied-dark.dom.txt
captured C:\Users\agent\ytprobe\z0c\out7\newrun-backups-denied-windows-dark.png
dom C:\Users\agent\ytprobe\z0c\out7\newrun-backups-denied-windows-dark.dom.txt
captured C:\Users\agent\ytprobe\z0c\out7\newrun-backup-chosen-dark.png
dom C:\Users\agent\ytprobe\z0c\out7\newrun-backup-chosen-dark.dom.txt
captured C:\Users\agent\ytprobe\z0c\out7\newrun-picker-search-dark.png
dom C:\Users\agent\ytprobe\z0c\out7\newrun-picker-search-dark.dom.txt
captured C:\Users\agent\ytprobe\z0c\out7\newrun-picker-tristate-dark.png
dom C:\Users\agent\ytprobe\z0c\out7\newrun-picker-tristate-dark.dom.txt
captured C:\Users\agent\ytprobe\z0c\out7\newrun-profile-unknown-dark.png
dom C:\Users\agent\ytprobe\z0c\out7\newrun-profile-unknown-dark.dom.txt
captured C:\Users\agent\ytprobe\z0c\out7\newrun-unknown-modules-dark.png
dom C:\Users\agent\ytprobe\z0c\out7\newrun-unknown-modules-dark.dom.txt
captured C:\Users\agent\ytprobe\z0c\out7\newrun-start-disabled-dark.png
dom C:\Users\agent\ytprobe\z0c\out7\newrun-start-disabled-dark.dom.txt
captured C:\Users\agent\ytprobe\z0c\out7\newrun-aleapp-file-dark.png
dom C:\Users\agent\ytprobe\z0c\out7\newrun-aleapp-file-dark.dom.txt
captured C:\Users\agent\ytprobe\z0c\out7\newrun-save-profile-dark.png
dom C:\Users\agent\ytprobe\z0c\out7\newrun-save-profile-dark.dom.txt
captured C:\Users\agent\ytprobe\z0c\out7\newrun-profile-saved-dark.png
dom C:\Users\agent\ytprobe\z0c\out7\newrun-profile-saved-dark.dom.txt
captured C:\Users\agent\ytprobe\z0c\out7\newrun-profile-imported-dark.png
dom C:\Users\agent\ytprobe\z0c\out7\newrun-profile-imported-dark.dom.txt
captured C:\Users\agent\ytprobe\z0c\out7\newrun-import-replace-dark.png
dom C:\Users\agent\ytprobe\z0c\out7\newrun-import-replace-dark.dom.txt
captured C:\Users\agent\ytprobe\z0c\out7\newrun-profile-exported-dark.png
dom C:\Users\agent\ytprobe\z0c\out7\newrun-profile-exported-dark.dom.txt
captured C:\Users\agent\ytprobe\z0c\out7\newrun-started-dark.png
dom C:\Users\agent\ytprobe\z0c\out7\newrun-started-dark.dom.txt
captured C:\Users\agent\ytprobe\z0c\out7\newrun-ready-dark.png
dom C:\Users\agent\ytprobe\z0c\out7\newrun-ready-dark.dom.txt
captured C:\Users\agent\ytprobe\z0c\out7\run-phase-preparing-dark.png
dom C:\Users\agent\ytprobe\z0c\out7\run-phase-preparing-dark.dom.txt
captured C:\Users\agent\ytprobe\z0c\out7\run-phase-running-dark.png
dom C:\Users\agent\ytprobe\z0c\out7\run-phase-running-dark.dom.txt
captured C:\Users\agent\ytprobe\z0c\out7\run-phase-hashing-input-dark.png
dom C:\Users\agent\ytprobe\z0c\out7\run-phase-hashing-input-dark.dom.txt
captured C:\Users\agent\ytprobe\z0c\out7\run-phase-analyzing-dark.png
dom C:\Users\agent\ytprobe\z0c\out7\run-phase-analyzing-dark.dom.txt
captured C:\Users\agent\ytprobe\z0c\out7\run-phase-sealing-report-dark.png
dom C:\Users\agent\ytprobe\z0c\out7\run-phase-sealing-report-dark.dom.txt
captured C:\Users\agent\ytprobe\z0c\out7\run-phase-finalizing-dark.png
dom C:\Users\agent\ytprobe\z0c\out7\run-phase-finalizing-dark.dom.txt
captured C:\Users\agent\ytprobe\z0c\out7\run-cancel-confirm-dark.png
dom C:\Users\agent\ytprobe\z0c\out7\run-cancel-confirm-dark.dom.txt
captured C:\Users\agent\ytprobe\z0c\out7\run-succeeded-dark.png
dom C:\Users\agent\ytprobe\z0c\out7\run-succeeded-dark.dom.txt
captured C:\Users\agent\ytprobe\z0c\out7\run-completed-with-errors-dark.png
dom C:\Users\agent\ytprobe\z0c\out7\run-completed-with-errors-dark.dom.txt
captured C:\Users\agent\ytprobe\z0c\out7\run-failed-dark.png
dom C:\Users\agent\ytprobe\z0c\out7\run-failed-dark.dom.txt
captured C:\Users\agent\ytprobe\z0c\out7\run-cancelled-dark.png
dom C:\Users\agent\ytprobe\z0c\out7\run-cancelled-dark.dom.txt
captured C:\Users\agent\ytprobe\z0c\out7\run-interrupted-dark.png
dom C:\Users\agent\ytprobe\z0c\out7\run-interrupted-dark.dom.txt
captured C:\Users\agent\ytprobe\z0c\out7\settings-dark.png
dom C:\Users\agent\ytprobe\z0c\out7\settings-dark.dom.txt
captured C:\Users\agent\ytprobe\z0c\out7\settings-tools-verify-dark.png
dom C:\Users\agent\ytprobe\z0c\out7\settings-tools-verify-dark.dom.txt
captured C:\Users\agent\ytprobe\z0c\out7\settings-tools-not-installed-dark.png
dom C:\Users\agent\ytprobe\z0c\out7\settings-tools-not-installed-dark.dom.txt
captured C:\Users\agent\ytprobe\z0c\out7\settings-tools-failed-unsupported-dark.png
dom C:\Users\agent\ytprobe\z0c\out7\settings-tools-failed-unsupported-dark.dom.txt
captured C:\Users\agent\ytprobe\z0c\out7\settings-tools-dev-override-dark.png
dom C:\Users\agent\ytprobe\z0c\out7\settings-tools-dev-override-dark.dom.txt
captured C:\Users\agent\ytprobe\z0c\out7\settings-installing-dark.png
dom C:\Users\agent\ytprobe\z0c\out7\settings-installing-dark.dom.txt
captured C:\Users\agent\ytprobe\z0c\out7\settings-storage-installing-dark.png
dom C:\Users\agent\ytprobe\z0c\out7\settings-storage-installing-dark.dom.txt
captured C:\Users\agent\ytprobe\z0c\out7\settings-install-failed-dark.png
dom C:\Users\agent\ytprobe\z0c\out7\settings-install-failed-dark.dom.txt
captured C:\Users\agent\ytprobe\z0c\out7\settings-installed-dark.png
dom C:\Users\agent\ytprobe\z0c\out7\settings-installed-dark.dom.txt
captured C:\Users\agent\ytprobe\z0c\out7\settings-storage-dark.png
dom C:\Users\agent\ytprobe\z0c\out7\settings-storage-dark.dom.txt
captured C:\Users\agent\ytprobe\z0c\out7\settings-about-licenses-dark.png
dom C:\Users\agent\ytprobe\z0c\out7\settings-about-licenses-dark.dom.txt
captured C:\Users\agent\ytprobe\z0c\out7\run-attached-dark.png
dom C:\Users\agent\ytprobe\z0c\out7\run-attached-dark.dom.txt
captured C:\Users\agent\ytprobe\z0c\out7\run-attached-mid-phase-dark.png
dom C:\Users\agent\ytprobe\z0c\out7\run-attached-mid-phase-dark.dom.txt
captured C:\Users\agent\ytprobe\z0c\out7\acquire-devices-dark.png
dom C:\Users\agent\ytprobe\z0c\out7\acquire-devices-dark.dom.txt
captured C:\Users\agent\ytprobe\z0c\out7\acquire-pair-states-dark.png
dom C:\Users\agent\ytprobe\z0c\out7\acquire-pair-states-dark.dom.txt
captured C:\Users\agent\ytprobe\z0c\out7\acquire-awaiting-trust-dark.png
dom C:\Users\agent\ytprobe\z0c\out7\acquire-awaiting-trust-dark.dom.txt
captured C:\Users\agent\ytprobe\z0c\out7\acquire-encryption-already-on-dark.png
dom C:\Users\agent\ytprobe\z0c\out7\acquire-encryption-already-on-dark.dom.txt
captured C:\Users\agent\ytprobe\z0c\out7\acquire-encryption-enable-dark.png
dom C:\Users\agent\ytprobe\z0c\out7\acquire-encryption-enable-dark.dom.txt
captured C:\Users\agent\ytprobe\z0c\out7\acquire-password-mismatch-dark.png
dom C:\Users\agent\ytprobe\z0c\out7\acquire-password-mismatch-dark.dom.txt
captured C:\Users\agent\ytprobe\z0c\out7\acquire-password-not-ascii-dark.png
dom C:\Users\agent\ytprobe\z0c\out7\acquire-password-not-ascii-dark.dom.txt
captured C:\Users\agent\ytprobe\z0c\out7\acquire-encryption-unknown-dark.png
dom C:\Users\agent\ytprobe\z0c\out7\acquire-encryption-unknown-dark.dom.txt
captured C:\Users\agent\ytprobe\z0c\out7\acquire-tools-missing-dark.png
dom C:\Users\agent\ytprobe\z0c\out7\acquire-tools-missing-dark.dom.txt
captured C:\Users\agent\ytprobe\z0c\out7\acquire-tools-usbmuxd-unavailable-dark.png
dom C:\Users\agent\ytprobe\z0c\out7\acquire-tools-usbmuxd-unavailable-dark.dom.txt
captured C:\Users\agent\ytprobe\z0c\out7\acquire-tools-verification-failed-dark.png
dom C:\Users\agent\ytprobe\z0c\out7\acquire-tools-verification-failed-dark.dom.txt
captured C:\Users\agent\ytprobe\z0c\out7\acquire-tools-unsupported-platform-dark.png
dom C:\Users\agent\ytprobe\z0c\out7\acquire-tools-unsupported-platform-dark.dom.txt
captured C:\Users\agent\ytprobe\z0c\out7\acquire-no-devices-dark.png
dom C:\Users\agent\ytprobe\z0c\out7\acquire-no-devices-dark.dom.txt
captured C:\Users\agent\ytprobe\z0c\out7\acquire-tools-list-failed-dark.png
dom C:\Users\agent\ytprobe\z0c\out7\acquire-tools-list-failed-dark.dom.txt
captured C:\Users\agent\ytprobe\z0c\out7\acquire-preflight-warn-dark.png
dom C:\Users\agent\ytprobe\z0c\out7\acquire-preflight-warn-dark.dom.txt
captured C:\Users\agent\ytprobe\z0c\out7\acquire-preflight-block-dark.png
dom C:\Users\agent\ytprobe\z0c\out7\acquire-preflight-block-dark.dom.txt
captured C:\Users\agent\ytprobe\z0c\out7\acquire-busy-device-dark.png
dom C:\Users\agent\ytprobe\z0c\out7\acquire-busy-device-dark.dom.txt
captured C:\Users\agent\ytprobe\z0c\out7\acquire-attached-dark.png
dom C:\Users\agent\ytprobe\z0c\out7\acquire-attached-dark.dom.txt
captured C:\Users\agent\ytprobe\z0c\out7\acquire-attached-backing-up-dark.png
dom C:\Users\agent\ytprobe\z0c\out7\acquire-attached-backing-up-dark.dom.txt
captured C:\Users\agent\ytprobe\z0c\out7\acquire-attached-restoring-dark.png
dom C:\Users\agent\ytprobe\z0c\out7\acquire-attached-restoring-dark.dom.txt
captured C:\Users\agent\ytprobe\z0c\out7\acquire-prompt-encryption-dark.png
dom C:\Users\agent\ytprobe\z0c\out7\acquire-prompt-encryption-dark.dom.txt
captured C:\Users\agent\ytprobe\z0c\out7\acquire-prompt-backup-dark.png
dom C:\Users\agent\ytprobe\z0c\out7\acquire-prompt-backup-dark.dom.txt
captured C:\Users\agent\ytprobe\z0c\out7\acquire-progress-dark.png
dom C:\Users\agent\ytprobe\z0c\out7\acquire-progress-dark.dom.txt
captured C:\Users\agent\ytprobe\z0c\out7\acquire-restoring-encryption-dark.png
dom C:\Users\agent\ytprobe\z0c\out7\acquire-restoring-encryption-dark.dom.txt
captured C:\Users\agent\ytprobe\z0c\out7\acquire-cancel-confirm-dark.png
dom C:\Users\agent\ytprobe\z0c\out7\acquire-cancel-confirm-dark.dom.txt
captured C:\Users\agent\ytprobe\z0c\out7\acquire-succeeded-dark.png
dom C:\Users\agent\ytprobe\z0c\out7\acquire-succeeded-dark.dom.txt
captured C:\Users\agent\ytprobe\z0c\out7\acquire-failed-dark.png
dom C:\Users\agent\ytprobe\z0c\out7\acquire-failed-dark.dom.txt
captured C:\Users\agent\ytprobe\z0c\out7\acquire-cancelled-dark.png
dom C:\Users\agent\ytprobe\z0c\out7\acquire-cancelled-dark.dom.txt
captured C:\Users\agent\ytprobe\z0c\out7\acquire-restore-failed-dark.png
dom C:\Users\agent\ytprobe\z0c\out7\acquire-restore-failed-dark.dom.txt
captured C:\Users\agent\ytprobe\z0c\out7\acquire-restore-dialog-still-on-dark.png
dom C:\Users\agent\ytprobe\z0c\out7\acquire-restore-dialog-still-on-dark.dom.txt
captured C:\Users\agent\ytprobe\z0c\out7\acquire-restore-done-dark.png
dom C:\Users\agent\ytprobe\z0c\out7\acquire-restore-done-dark.dom.txt
captured C:\Users\agent\ytprobe\z0c\out7\newrun-handoff-dark.png
dom C:\Users\agent\ytprobe\z0c\out7\newrun-handoff-dark.dom.txt
captured C:\Users\agent\ytprobe\z0c\out7\case-acquisitions-dark.png
dom C:\Users\agent\ytprobe\z0c\out7\case-acquisitions-dark.dom.txt
captured C:\Users\agent\ytprobe\z0c\out7\case-acquisition-details-dark.png
dom C:\Users\agent\ytprobe\z0c\out7\case-acquisition-details-dark.dom.txt
captured C:\Users\agent\ytprobe\z0c\out7\case-acquisition-interrupted-dark.png
dom C:\Users\agent\ytprobe\z0c\out7\case-acquisition-interrupted-dark.dom.txt
captured C:\Users\agent\ytprobe\z0c\out7\case-restore-dialog-dark.png
dom C:\Users\agent\ytprobe\z0c\out7\case-restore-dialog-dark.dom.txt
captured C:\Users\agent\ytprobe\z0c\out7\case-restore-done-dark.png
dom C:\Users\agent\ytprobe\z0c\out7\case-restore-done-dark.dom.txt
captured C:\Users\agent\ytprobe\z0c\out7\case-acquisitions-after-restore-dark.png
dom C:\Users\agent\ytprobe\z0c\out7\case-acquisitions-after-restore-dark.dom.txt
captured C:\Users\agent\ytprobe\z0c\out7\run-log-100k-dark.png
dom C:\Users\agent\ytprobe\z0c\out7\run-log-100k-dark.dom.txt
captured C:\Users\agent\ytprobe\z0c\out7\run-log-search-matches-dark.png
dom C:\Users\agent\ytprobe\z0c\out7\run-log-search-matches-dark.dom.txt
captured C:\Users\agent\ytprobe\z0c\out7\run-log-search-none-dark.png
dom C:\Users\agent\ytprobe\z0c\out7\run-log-search-none-dark.dom.txt
captured C:\Users\agent\ytprobe\z0c\out7\run-log-search-filter-dark.png
dom C:\Users\agent\ytprobe\z0c\out7\run-log-search-filter-dark.dom.txt
passed check-backup-finder
passed check-enter-does-not-start
passed check-run-cancel-confirm
passed check-acq-enter-does-not-start
passed check-acq-cancel-confirm
passed check-encryption-off-confirm
passed check-acquire-result-reread
passed check-new-acquisition-resets
passed check-focus-kept-during-backup
passed check-focus-kept-during-install
passed check-no-implicit-pairing
passed check-handoff-cleared
passed check-log-search
passed check-log-search-live
perf {"budget_ms":100,"results":[{"query":"history","modules":1300,"runs":7,"render_ms_median":11.9,"filter_ms_median":4.2,"total_ms_median":16,"total_ms_max":31.8},{"query":"a","modules":1300,"runs":7,"render_ms_median":10.9,"filter_ms_median":19.2,"total_ms_median":30.6,"total_ms_max":37.7}]}
perf-log {"budget_ms":100,"lines":100076,"row_elements":40,"stream_ms":1577,"stream_long_tasks":{"count":0,"max_ms":0},"jump_ms":{"runs":50,"median":33.3,"max":35},"jump_wrong_rows":0,"scroll_frame_ms":{"frames":120,"median":16.6,"max":18.6},"scroll_long_tasks":{"count":0,"max_ms":0},"search":{"lines":100090,"row_elements":40,"query_ms":[{"query":"s","status":"100,085 matching lines","runs":5,"median":33.8,"max":34.1,"work":{"runs":5,"median":2.8,"max":3.3}},{"query":"sa","status":"18,166 matching lines","runs":5,"median":33,"max":34.2,"work":{"runs":5,"median":6.7,"max":8.8}},{"query":"saf","status":"3,003 matching lines","runs":5,"median":32.9,"max":33.7,"work":{"runs":5,"median":5.9,"max":6}},{"query":"safa","status":"3,003 matching lines","runs":5,"median":33,"max":34,"work":{"runs":5,"median":4.8,"max":5.1}},{"query":"safar","status":"3,003 matching lines","runs":5,"median":33.3,"max":33.9,"work":{"runs":5,"median":4.8,"max":5}},{"query":"safari","status":"3,003 matching lines","runs":5,"median":33.4,"max":34.4,"work":{"runs":5,"median":5.3,"max":5.4}},{"query":"SAFARI","status":"3,003 matching lines","runs":5,"median":33.5,"max":34.5,"work":{"runs":5,"median":5.7,"max":6.3}},{"query":"parsed 42 records","status":"1,031 matching lines","runs":5,"median":34,"max":34.6,"work":{"runs":5,"median":4.1,"max":4.2}},{"query":"a","status":"100,088 matching lines","runs":5,"median":33.2,"max":34.3,"work":{"runs":5,"median":3,"max":3.2}},{"query":"Traceback","status":"No matching lines","runs":5,"median":33.3,"max":34.2,"work":{"runs":5,"median":4.3,"max":4.4}}],"next_ms":{"runs":30,"median":33.3,"max":34.5,"status":"147 of 3,003 matching lines","missing_current_rows":0},"only_matching":[{"query":"a","status":"100,088 matching lines","rows":100088,"toggle_ms":33.4,"jump_ms":{"runs":50,"median":33,"max":35.5},"scroll_frame_ms":{"runs":120,"median":16.7,"max":18.2},"wrong_rows":0},{"query":"SAFARI","status":"3,003 matching lines","rows":3003,"toggle_ms":34,"jump_ms":{"runs":50,"median":33.2,"max":35},"scroll_frame_ms":{"runs":120,"median":16.7,"max":18.3},"wrong_rows":0}],"long_tasks":{"count":0,"max_ms":0}}}
OK: no CSP violations, console errors or page errors
exit=0
